
> gestao-escalaenf@0.0.0 build
> vite build

[36mvite v5.4.21 [32mbuilding for production...[36m[39m
transforming...
[32mÔ£ô[39m 1409 modules transformed.
rendering chunks...
computing gzip size...
[2mdist/[22m[32mindex.html                 [39m[1m[2m  1.08 kB[22m[1m[22m[2m Ôöé gzip:  0.56 kB[22m
[2mdist/[22m[35massets/index-BHwQJ9th.css  [39m[1m[2m 38.41 kB[22m[1m[22m[2m Ôöé gzip:  7.08 kB[22m
[2mdist/[22m[36massets/index-DrEM1fOZ.js   [39m[1m[2m302.53 kB[22m[1m[22m[2m Ôöé gzip: 83.49 kB[22m
[32mÔ£ô built in 9.21s[39m
